Coal saved at Mong Duong 1 Cofire
Amount of coal saved from co-firing                  135.5 kt
Maximum benefit for trade balance                     15.2 MUSD

Coal saved at Ninh Binh Cofire
Amount of coal saved from co-firing                   21.5 kt
Maximum benefit for trade balance                      2.4 MUSD