Farmers
NPV  = 39203.9 kUSD
         Revenue Investment Amortization Cost of goods  Op. Expense  Earn. B. Tax    Income tax      Cash out  Net cashflow
0         0 kUSD     0 kUSD       0 kUSD        0 kUSD       0 kUSD        0 kUSD        0 kUSD        0 kUSD        0 kUSD
1   8388.22 kUSD     0 kUSD       0 kUSD        0 kUSD  2752.7 kUSD  5635.52 kUSD  1408.88 kUSD  4161.58 kUSD  4226.64 kUSD
2   8388.22 kUSD     0 kUSD       0 kUSD        0 kUSD  2752.7 kUSD  5635.52 kUSD  1408.88 kUSD  4161.58 kUSD  4226.64 kUSD
3   8388.22 kUSD     0 kUSD       0 kUSD        0 kUSD  2752.7 kUSD  5635.52 kUSD  1408.88 kUSD  4161.58 kUSD  4226.64 kUSD
4   8388.22 kUSD     0 kUSD       0 kUSD        0 kUSD  2752.7 kUSD  5635.52 kUSD  1408.88 kUSD  4161.58 kUSD  4226.64 kUSD
5   8388.22 kUSD     0 kUSD       0 kUSD        0 kUSD  2752.7 kUSD  5635.52 kUSD  1408.88 kUSD  4161.58 kUSD  4226.64 kUSD
6   8388.22 kUSD     0 kUSD       0 kUSD        0 kUSD  2752.7 kUSD  5635.52 kUSD  1408.88 kUSD  4161.58 kUSD  4226.64 kUSD
7   8388.22 kUSD     0 kUSD       0 kUSD        0 kUSD  2752.7 kUSD  5635.52 kUSD  1408.88 kUSD  4161.58 kUSD  4226.64 kUSD
8   8388.22 kUSD     0 kUSD       0 kUSD        0 kUSD  2752.7 kUSD  5635.52 kUSD  1408.88 kUSD  4161.58 kUSD  4226.64 kUSD
9   8388.22 kUSD     0 kUSD       0 kUSD        0 kUSD  2752.7 kUSD  5635.52 kUSD  1408.88 kUSD  4161.58 kUSD  4226.64 kUSD
10  8388.22 kUSD     0 kUSD       0 kUSD        0 kUSD  2752.7 kUSD  5635.52 kUSD  1408.88 kUSD  4161.58 kUSD  4226.64 kUSD
11  8388.22 kUSD     0 kUSD       0 kUSD        0 kUSD  2752.7 kUSD  5635.52 kUSD  1408.88 kUSD  4161.58 kUSD  4226.64 kUSD
12  8388.22 kUSD     0 kUSD       0 kUSD        0 kUSD  2752.7 kUSD  5635.52 kUSD  1408.88 kUSD  4161.58 kUSD  4226.64 kUSD
13  8388.22 kUSD     0 kUSD       0 kUSD        0 kUSD  2752.7 kUSD  5635.52 kUSD  1408.88 kUSD  4161.58 kUSD  4226.64 kUSD
14  8388.22 kUSD     0 kUSD       0 kUSD        0 kUSD  2752.7 kUSD  5635.52 kUSD  1408.88 kUSD  4161.58 kUSD  4226.64 kUSD
15  8388.22 kUSD     0 kUSD       0 kUSD        0 kUSD  2752.7 kUSD  5635.52 kUSD  1408.88 kUSD  4161.58 kUSD  4226.64 kUSD
16  8388.22 kUSD     0 kUSD       0 kUSD        0 kUSD  2752.7 kUSD  5635.52 kUSD  1408.88 kUSD  4161.58 kUSD  4226.64 kUSD
17  8388.22 kUSD     0 kUSD       0 kUSD        0 kUSD  2752.7 kUSD  5635.52 kUSD  1408.88 kUSD  4161.58 kUSD  4226.64 kUSD
18  8388.22 kUSD     0 kUSD       0 kUSD        0 kUSD  2752.7 kUSD  5635.52 kUSD  1408.88 kUSD  4161.58 kUSD  4226.64 kUSD
19  8388.22 kUSD     0 kUSD       0 kUSD        0 kUSD  2752.7 kUSD  5635.52 kUSD  1408.88 kUSD  4161.58 kUSD  4226.64 kUSD
20  8388.22 kUSD     0 kUSD       0 kUSD        0 kUSD  2752.7 kUSD  5635.52 kUSD  1408.88 kUSD  4161.58 kUSD  4226.64 kUSD

Farmers
NPV  = 6907.6 kUSD
         Revenue Investment Amortization Cost of goods   Op. Expense  Earn. B. Tax   Income tax      Cash out  Net cashflow
0         0 kUSD     0 kUSD       0 kUSD        0 kUSD        0 kUSD        0 kUSD       0 kUSD        0 kUSD        0 kUSD
1   1478.23 kUSD     0 kUSD       0 kUSD        0 kUSD  485.269 kUSD  992.961 kUSD  248.24 kUSD  733.509 kUSD  744.721 kUSD
2   1478.23 kUSD     0 kUSD       0 kUSD        0 kUSD  485.269 kUSD  992.961 kUSD  248.24 kUSD  733.509 kUSD  744.721 kUSD
3   1478.23 kUSD     0 kUSD       0 kUSD        0 kUSD  485.269 kUSD  992.961 kUSD  248.24 kUSD  733.509 kUSD  744.721 kUSD
4   1478.23 kUSD     0 kUSD       0 kUSD        0 kUSD  485.269 kUSD  992.961 kUSD  248.24 kUSD  733.509 kUSD  744.721 kUSD
5   1478.23 kUSD     0 kUSD       0 kUSD        0 kUSD  485.269 kUSD  992.961 kUSD  248.24 kUSD  733.509 kUSD  744.721 kUSD
6   1478.23 kUSD     0 kUSD       0 kUSD        0 kUSD  485.269 kUSD  992.961 kUSD  248.24 kUSD  733.509 kUSD  744.721 kUSD
7   1478.23 kUSD     0 kUSD       0 kUSD        0 kUSD  485.269 kUSD  992.961 kUSD  248.24 kUSD  733.509 kUSD  744.721 kUSD
8   1478.23 kUSD     0 kUSD       0 kUSD        0 kUSD  485.269 kUSD  992.961 kUSD  248.24 kUSD  733.509 kUSD  744.721 kUSD
9   1478.23 kUSD     0 kUSD       0 kUSD        0 kUSD  485.269 kUSD  992.961 kUSD  248.24 kUSD  733.509 kUSD  744.721 kUSD
10  1478.23 kUSD     0 kUSD       0 kUSD        0 kUSD  485.269 kUSD  992.961 kUSD  248.24 kUSD  733.509 kUSD  744.721 kUSD
11  1478.23 kUSD     0 kUSD       0 kUSD        0 kUSD  485.269 kUSD  992.961 kUSD  248.24 kUSD  733.509 kUSD  744.721 kUSD
12  1478.23 kUSD     0 kUSD       0 kUSD        0 kUSD  485.269 kUSD  992.961 kUSD  248.24 kUSD  733.509 kUSD  744.721 kUSD
13  1478.23 kUSD     0 kUSD       0 kUSD        0 kUSD  485.269 kUSD  992.961 kUSD  248.24 kUSD  733.509 kUSD  744.721 kUSD
14  1478.23 kUSD     0 kUSD       0 kUSD        0 kUSD  485.269 kUSD  992.961 kUSD  248.24 kUSD  733.509 kUSD  744.721 kUSD
15  1478.23 kUSD     0 kUSD       0 kUSD        0 kUSD  485.269 kUSD  992.961 kUSD  248.24 kUSD  733.509 kUSD  744.721 kUSD
16  1478.23 kUSD     0 kUSD       0 kUSD        0 kUSD  485.269 kUSD  992.961 kUSD  248.24 kUSD  733.509 kUSD  744.721 kUSD
17  1478.23 kUSD     0 kUSD       0 kUSD        0 kUSD  485.269 kUSD  992.961 kUSD  248.24 kUSD  733.509 kUSD  744.721 kUSD
18  1478.23 kUSD     0 kUSD       0 kUSD        0 kUSD  485.269 kUSD  992.961 kUSD  248.24 kUSD  733.509 kUSD  744.721 kUSD
19  1478.23 kUSD     0 kUSD       0 kUSD        0 kUSD  485.269 kUSD  992.961 kUSD  248.24 kUSD  733.509 kUSD  744.721 kUSD
20  1478.23 kUSD     0 kUSD       0 kUSD        0 kUSD  485.269 kUSD  992.961 kUSD  248.24 kUSD  733.509 kUSD  744.721 kUSD