Comissioning year                   2015
Boiler technology                    CFB
Installed capacity               1080 MW
Capacity factor                     0.60
Plant efficiency                    0.39
Boiler efficiency                   0.87
Coal consumption           2.70908e+06 t
Coal type                        6b_coal
Coal heat value            19.4347 MJ/kg
Coal transport distance             0 km
Coal transport mean        conveyor_belt
Name: Mong Duong 1, dtype: object

Comissioning year                     1974
Boiler technology                       PC
Installed capacity                  100 MW
Capacity factor                       0.64
Plant efficiency                      0.22
Boiler efficiency                     0.82
Coal consumption                  430553 t
Coal type                          4b_coal
Coal heat value              21.5476 MJ/kg
Coal transport distance             200 km
Coal transport mean        barge_transport
Name: Ninh Binh, dtype: object