(                                   0             1             2             3             4             5             6             7             8             9             10            11            12            13            14            15            16            17            18            19            20
Revenue (kUSD)            316073 kUSD   316073 kUSD   316073 kUSD   316073 kUSD   316073 kUSD   316073 kUSD   316073 kUSD   316073 kUSD   316073 kUSD   316073 kUSD   316073 kUSD   316073 kUSD   316073 kUSD   316073 kUSD   316073 kUSD   316073 kUSD   316073 kUSD   316073 kUSD   316073 kUSD   316073 kUSD   316073 kUSD
- Expense, Amortization        0 kUSD        0 kUSD        0 kUSD        0 kUSD        0 kUSD        0 kUSD        0 kUSD        0 kUSD        0 kUSD        0 kUSD        0 kUSD        0 kUSD        0 kUSD        0 kUSD        0 kUSD        0 kUSD        0 kUSD        0 kUSD        0 kUSD        0 kUSD        0 kUSD
- Expense, Merchandise         0 kUSD        0 kUSD        0 kUSD        0 kUSD        0 kUSD        0 kUSD        0 kUSD        0 kUSD        0 kUSD        0 kUSD        0 kUSD        0 kUSD        0 kUSD        0 kUSD        0 kUSD        0 kUSD        0 kUSD        0 kUSD        0 kUSD        0 kUSD        0 kUSD
- Expense, Operating      196552 kUSD   196552 kUSD   196552 kUSD   196552 kUSD   196552 kUSD   196552 kUSD   196552 kUSD   196552 kUSD   196552 kUSD   196552 kUSD   196552 kUSD   196552 kUSD   196552 kUSD   196552 kUSD   196552 kUSD   196552 kUSD   196552 kUSD   196552 kUSD   196552 kUSD   196552 kUSD   196552 kUSD
= Earnings Before Tax     119521 kUSD   119521 kUSD   119521 kUSD   119521 kUSD   119521 kUSD   119521 kUSD   119521 kUSD   119521 kUSD   119521 kUSD   119521 kUSD   119521 kUSD   119521 kUSD   119521 kUSD   119521 kUSD   119521 kUSD   119521 kUSD   119521 kUSD   119521 kUSD   119521 kUSD   119521 kUSD   119521 kUSD
- Income tax 25%         29880.2 kUSD  29880.2 kUSD  29880.2 kUSD  29880.2 kUSD  29880.2 kUSD  29880.2 kUSD  29880.2 kUSD  29880.2 kUSD  29880.2 kUSD  29880.2 kUSD  29880.2 kUSD  29880.2 kUSD  29880.2 kUSD  29880.2 kUSD  29880.2 kUSD  29880.2 kUSD  29880.2 kUSD  29880.2 kUSD  29880.2 kUSD  29880.2 kUSD  29880.2 kUSD
= Earnings after tax     89640.5 kUSD  89640.5 kUSD  89640.5 kUSD  89640.5 kUSD  89640.5 kUSD  89640.5 kUSD  89640.5 kUSD  89640.5 kUSD  89640.5 kUSD  89640.5 kUSD  89640.5 kUSD  89640.5 kUSD  89640.5 kUSD  89640.5 kUSD  89640.5 kUSD  89640.5 kUSD  89640.5 kUSD  89640.5 kUSD  89640.5 kUSD  89640.5 kUSD  89640.5 kUSD,                                   0             1             2             3             4             5             6             7             8             9             10            11            12            13            14            15            16            17            18            19            20
Revenue (kUSD)           316073 kUSD   316073 kUSD   316073 kUSD   316073 kUSD   316073 kUSD   316073 kUSD   316073 kUSD   316073 kUSD   316073 kUSD   316073 kUSD   316073 kUSD   316073 kUSD   316073 kUSD   316073 kUSD   316073 kUSD   316073 kUSD   316073 kUSD   316073 kUSD   316073 kUSD   316073 kUSD   316073 kUSD
- Expense, Investment         0 kUSD        0 kUSD        0 kUSD        0 kUSD        0 kUSD        0 kUSD        0 kUSD        0 kUSD        0 kUSD        0 kUSD        0 kUSD        0 kUSD        0 kUSD        0 kUSD        0 kUSD        0 kUSD        0 kUSD        0 kUSD        0 kUSD        0 kUSD        0 kUSD
- Expense, Merchandise        0 kUSD        0 kUSD        0 kUSD        0 kUSD        0 kUSD        0 kUSD        0 kUSD        0 kUSD        0 kUSD        0 kUSD        0 kUSD        0 kUSD        0 kUSD        0 kUSD        0 kUSD        0 kUSD        0 kUSD        0 kUSD        0 kUSD        0 kUSD        0 kUSD
- Expense, Operating     196552 kUSD   196552 kUSD   196552 kUSD   196552 kUSD   196552 kUSD   196552 kUSD   196552 kUSD   196552 kUSD   196552 kUSD   196552 kUSD   196552 kUSD   196552 kUSD   196552 kUSD   196552 kUSD   196552 kUSD   196552 kUSD   196552 kUSD   196552 kUSD   196552 kUSD   196552 kUSD   196552 kUSD
- Expense, Income tax   29880.2 kUSD  29880.2 kUSD  29880.2 kUSD  29880.2 kUSD  29880.2 kUSD  29880.2 kUSD  29880.2 kUSD  29880.2 kUSD  29880.2 kUSD  29880.2 kUSD  29880.2 kUSD  29880.2 kUSD  29880.2 kUSD  29880.2 kUSD  29880.2 kUSD  29880.2 kUSD  29880.2 kUSD  29880.2 kUSD  29880.2 kUSD  29880.2 kUSD  29880.2 kUSD
= Net cashflow          89640.5 kUSD  89640.5 kUSD  89640.5 kUSD  89640.5 kUSD  89640.5 kUSD  89640.5 kUSD  89640.5 kUSD  89640.5 kUSD  89640.5 kUSD  89640.5 kUSD  89640.5 kUSD  89640.5 kUSD  89640.5 kUSD  89640.5 kUSD  89640.5 kUSD  89640.5 kUSD  89640.5 kUSD  89640.5 kUSD  89640.5 kUSD  89640.5 kUSD  89640.5 kUSD,                                    0             1             2             3             4             5             6             7             8             9             10            11            12            13            14            15            16            17            18            19            20
Fuel cost, coal           137632 kUSD   137632 kUSD   137632 kUSD   137632 kUSD   137632 kUSD   137632 kUSD   137632 kUSD   137632 kUSD   137632 kUSD   137632 kUSD   137632 kUSD   137632 kUSD   137632 kUSD   137632 kUSD   137632 kUSD   137632 kUSD   137632 kUSD   137632 kUSD   137632 kUSD   137632 kUSD   137632 kUSD
Operation & Maintenance  58920.6 kUSD  58920.6 kUSD  58920.6 kUSD  58920.6 kUSD  58920.6 kUSD  58920.6 kUSD  58920.6 kUSD  58920.6 kUSD  58920.6 kUSD  58920.6 kUSD  58920.6 kUSD  58920.6 kUSD  58920.6 kUSD  58920.6 kUSD  58920.6 kUSD  58920.6 kUSD  58920.6 kUSD  58920.6 kUSD  58920.6 kUSD  58920.6 kUSD  58920.6 kUSD
= Operating expenses      196552 kUSD   196552 kUSD   196552 kUSD   196552 kUSD   196552 kUSD   196552 kUSD   196552 kUSD   196552 kUSD   196552 kUSD   196552 kUSD   196552 kUSD   196552 kUSD   196552 kUSD   196552 kUSD   196552 kUSD   196552 kUSD   196552 kUSD   196552 kUSD   196552 kUSD   196552 kUSD   196552 kUSD)

(                                   0             1             2             3             4             5             6             7             8             9             10            11            12            13            14            15            16            17            18            19            20
Revenue (kUSD)           41959.7 kUSD  41959.7 kUSD  41959.7 kUSD  41959.7 kUSD  41959.7 kUSD  41959.7 kUSD  41959.7 kUSD  41959.7 kUSD  41959.7 kUSD  41959.7 kUSD  41959.7 kUSD  41959.7 kUSD  41959.7 kUSD  41959.7 kUSD  41959.7 kUSD  41959.7 kUSD  41959.7 kUSD  41959.7 kUSD  41959.7 kUSD  41959.7 kUSD  41959.7 kUSD
- Expense, Amortization        0 kUSD        0 kUSD        0 kUSD        0 kUSD        0 kUSD        0 kUSD        0 kUSD        0 kUSD        0 kUSD        0 kUSD        0 kUSD        0 kUSD        0 kUSD        0 kUSD        0 kUSD        0 kUSD        0 kUSD        0 kUSD        0 kUSD        0 kUSD        0 kUSD
- Expense, Merchandise         0 kUSD        0 kUSD        0 kUSD        0 kUSD        0 kUSD        0 kUSD        0 kUSD        0 kUSD        0 kUSD        0 kUSD        0 kUSD        0 kUSD        0 kUSD        0 kUSD        0 kUSD        0 kUSD        0 kUSD        0 kUSD        0 kUSD        0 kUSD        0 kUSD
- Expense, Operating     40921.3 kUSD  40921.3 kUSD  40921.3 kUSD  40921.3 kUSD  40921.3 kUSD  40921.3 kUSD  40921.3 kUSD  40921.3 kUSD  40921.3 kUSD  40921.3 kUSD  40921.3 kUSD  40921.3 kUSD  40921.3 kUSD  40921.3 kUSD  40921.3 kUSD  40921.3 kUSD  40921.3 kUSD  40921.3 kUSD  40921.3 kUSD  40921.3 kUSD  40921.3 kUSD
= Earnings Before Tax    1038.32 kUSD  1038.32 kUSD  1038.32 kUSD  1038.32 kUSD  1038.32 kUSD  1038.32 kUSD  1038.32 kUSD  1038.32 kUSD  1038.32 kUSD  1038.32 kUSD  1038.32 kUSD  1038.32 kUSD  1038.32 kUSD  1038.32 kUSD  1038.32 kUSD  1038.32 kUSD  1038.32 kUSD  1038.32 kUSD  1038.32 kUSD  1038.32 kUSD  1038.32 kUSD
- Income tax 25%         259.581 kUSD  259.581 kUSD  259.581 kUSD  259.581 kUSD  259.581 kUSD  259.581 kUSD  259.581 kUSD  259.581 kUSD  259.581 kUSD  259.581 kUSD  259.581 kUSD  259.581 kUSD  259.581 kUSD  259.581 kUSD  259.581 kUSD  259.581 kUSD  259.581 kUSD  259.581 kUSD  259.581 kUSD  259.581 kUSD  259.581 kUSD
= Earnings after tax     778.743 kUSD  778.743 kUSD  778.743 kUSD  778.743 kUSD  778.743 kUSD  778.743 kUSD  778.743 kUSD  778.743 kUSD  778.743 kUSD  778.743 kUSD  778.743 kUSD  778.743 kUSD  778.743 kUSD  778.743 kUSD  778.743 kUSD  778.743 kUSD  778.743 kUSD  778.743 kUSD  778.743 kUSD  778.743 kUSD  778.743 kUSD,                                   0             1             2             3             4             5             6             7             8             9             10            11            12            13            14            15            16            17            18            19            20
Revenue (kUSD)          41959.7 kUSD  41959.7 kUSD  41959.7 kUSD  41959.7 kUSD  41959.7 kUSD  41959.7 kUSD  41959.7 kUSD  41959.7 kUSD  41959.7 kUSD  41959.7 kUSD  41959.7 kUSD  41959.7 kUSD  41959.7 kUSD  41959.7 kUSD  41959.7 kUSD  41959.7 kUSD  41959.7 kUSD  41959.7 kUSD  41959.7 kUSD  41959.7 kUSD  41959.7 kUSD
- Expense, Investment         0 kUSD        0 kUSD        0 kUSD        0 kUSD        0 kUSD        0 kUSD        0 kUSD        0 kUSD        0 kUSD        0 kUSD        0 kUSD        0 kUSD        0 kUSD        0 kUSD        0 kUSD        0 kUSD        0 kUSD        0 kUSD        0 kUSD        0 kUSD        0 kUSD
- Expense, Merchandise        0 kUSD        0 kUSD        0 kUSD        0 kUSD        0 kUSD        0 kUSD        0 kUSD        0 kUSD        0 kUSD        0 kUSD        0 kUSD        0 kUSD        0 kUSD        0 kUSD        0 kUSD        0 kUSD        0 kUSD        0 kUSD        0 kUSD        0 kUSD        0 kUSD
- Expense, Operating    40921.3 kUSD  40921.3 kUSD  40921.3 kUSD  40921.3 kUSD  40921.3 kUSD  40921.3 kUSD  40921.3 kUSD  40921.3 kUSD  40921.3 kUSD  40921.3 kUSD  40921.3 kUSD  40921.3 kUSD  40921.3 kUSD  40921.3 kUSD  40921.3 kUSD  40921.3 kUSD  40921.3 kUSD  40921.3 kUSD  40921.3 kUSD  40921.3 kUSD  40921.3 kUSD
- Expense, Income tax   259.581 kUSD  259.581 kUSD  259.581 kUSD  259.581 kUSD  259.581 kUSD  259.581 kUSD  259.581 kUSD  259.581 kUSD  259.581 kUSD  259.581 kUSD  259.581 kUSD  259.581 kUSD  259.581 kUSD  259.581 kUSD  259.581 kUSD  259.581 kUSD  259.581 kUSD  259.581 kUSD  259.581 kUSD  259.581 kUSD  259.581 kUSD
= Net cashflow          778.743 kUSD  778.743 kUSD  778.743 kUSD  778.743 kUSD  778.743 kUSD  778.743 kUSD  778.743 kUSD  778.743 kUSD  778.743 kUSD  778.743 kUSD  778.743 kUSD  778.743 kUSD  778.743 kUSD  778.743 kUSD  778.743 kUSD  778.743 kUSD  778.743 kUSD  778.743 kUSD  778.743 kUSD  778.743 kUSD  778.743 kUSD,                                    0             1             2             3             4             5             6             7             8             9             10            11            12            13            14            15            16            17            18            19            20
Fuel cost, coal          35297.4 kUSD  35297.4 kUSD  35297.4 kUSD  35297.4 kUSD  35297.4 kUSD  35297.4 kUSD  35297.4 kUSD  35297.4 kUSD  35297.4 kUSD  35297.4 kUSD  35297.4 kUSD  35297.4 kUSD  35297.4 kUSD  35297.4 kUSD  35297.4 kUSD  35297.4 kUSD  35297.4 kUSD  35297.4 kUSD  35297.4 kUSD  35297.4 kUSD  35297.4 kUSD
Operation & Maintenance  5623.92 kUSD  5623.92 kUSD  5623.92 kUSD  5623.92 kUSD  5623.92 kUSD  5623.92 kUSD  5623.92 kUSD  5623.92 kUSD  5623.92 kUSD  5623.92 kUSD  5623.92 kUSD  5623.92 kUSD  5623.92 kUSD  5623.92 kUSD  5623.92 kUSD  5623.92 kUSD  5623.92 kUSD  5623.92 kUSD  5623.92 kUSD  5623.92 kUSD  5623.92 kUSD
= Operating expenses     40921.3 kUSD  40921.3 kUSD  40921.3 kUSD  40921.3 kUSD  40921.3 kUSD  40921.3 kUSD  40921.3 kUSD  40921.3 kUSD  40921.3 kUSD  40921.3 kUSD  40921.3 kUSD  40921.3 kUSD  40921.3 kUSD  40921.3 kUSD  40921.3 kUSD  40921.3 kUSD  40921.3 kUSD  40921.3 kUSD  40921.3 kUSD  40921.3 kUSD  40921.3 kUSD)