Cost of heat        Mong Duong 1        Ninh Binh
Coal                2.6140781268554757e-09      3.804673819005266e-09
Biomass in field    1.367521367521368e-09      1.6239316239316242e-09
Biomass plant gate  1.880341880341881e-09      2.735042735042736e-09