                            Mong Duong 1 by solve  Ninh Binh by solve
Farmer WTA                                   0.01                0.01
Reseller expenses                            0.00                0.00
Plant WTP                                    0.03                0.04
Potential gain                               0.01                0.03
Biomass used total               1,383,306,283.55      243,775,701.30
Business value of cofiring          15,885,749.53        6,739,733.17
Biomass used per year              225,126,727.36       39,673,372.77
Business value per year              2,585,332.58        1,096,860.54