                         kUSD USD/ha
Sales revenue         8,388.2  215.3
- Winder rental      -1,558.5  -40.0
- Winder fuel          -137.1   -3.5
- Collection work    -1,014.3  -26.0
= Earning Before Tax  5,678.4  145.7

                        kUSD USD/ha
Sales revenue        1,478.2  224.3
- Winder rental       -263.6  -40.0
- Winder fuel          -24.2   -3.7
- Collection work     -178.7  -27.1
= Earning Before Tax 1,011.7  153.5