
Mong Duong 1 Cofire
-------------------
Health                                      121202 kUSD
Emission reduction                            2309 kUSD
Wages                                         3680 kUSD
Farmer earnings before tax                   58195 kUSD
Trader earnings before tax                   11799 kUSD


Ninh Binh Cofire
-------------------
Health                                       29336 kUSD
Emission reduction                             415 kUSD
Wages                                          574 kUSD
Farmer earnings before tax                   10545 kUSD
Trader earnings before tax                     163 kUSD