      Specific cost       Quantity        Value      Quantity      Value
CO2            0.01 137,032,437.55   822,194.63 24,987,030.33 149,922.18
SO2            2.86     139,228.50   398,239.93    257,202.70 735,685.45
PM25           0.00   1,861,948.39         0.00    309,911.41       0.00
NOx            1.37   1,735,982.61 2,385,240.11    267,269.85 367,228.78