barge_fuel_consumption            0.00
truck_loading_time                0.16
wage_bm_loading                   0.00
truck_load                   20,000.00
truck_velocity                   12.50
fuel_cost_per_hour_driving        0.00
fuel_cost_per_hour_loading        0.00
rental_cost_per_hour              0.00
wage_bm_transport                 0.00
dtype: float64

barge_fuel_consumption            0.00
truck_loading_time                0.16
wage_bm_loading                   0.00
truck_load                   20,000.00
truck_velocity                   12.50
fuel_cost_per_hour_driving        0.00
fuel_cost_per_hour_loading        0.00
rental_cost_per_hour              0.00
wage_bm_transport                 0.00
dtype: float64