
Parameter                           Mong Duong 1               Ninh Binh
Amount required                       225127 t                 39673 t
Cost plant gate                           45.14 USD/t             38.45 USD/t
Transportation cost                     2.36 USD/t              0.77 USD/t
Cost field side                           37.26 USD/t             37.26 USD/t

Mong Duong 1 Supply chain

Area:                      8352.2 km2
Rice growing area:         1013.52 km2
Collected area:            400.342 km2
Straw available:           569941 t
Straw sold:                225127 t
Transport      :           2.01507e+07 km*t
Collection_radius:         72.919 km
Supply zone
 Shape: Semiannulus. Half of the Annulus with inner radius 0 km, outer radius 50 km, area 3926.99 km2
 Area:                      392699 ha
 Rice growing area:         10488.1 ha
 Collected area:            4142.79 ha
 Straw available:           49398.8 t
 Straw sold:                19512.5 t
 Tortuosity:                1.5
 Activity to transport all: 975627 km*t
Supply zone
 Shape: Semiannulus. Half of the Annulus with inner radius 50 km, outer radius 72.919 km, area 4425.21 km(2)
 Area:                      442521 ha
 Rice growing area:         90864.3 ha
 Collected area:            35891.4 ha
 Straw available:           520542 t
 Straw sold:                205614 t
 Tortuosity:                1.5
 Activity to transport all: 1.91751e+07 km*t

Ninh Binh Supply chain

Area:                      603.115 km2
Rice growing area:         178.717 km2
Collected area:            70.5932 km2
Straw available:           100439 t
Straw sold:                39673.4 t
Transport      :           549698 km*t
Collection_radius:         13.8556 km
Supply zone
 Shape: Disk with radius 13.8556 km, area 603.115 km2
 Area:                      60311.5 ha
 Rice growing area:         17871.7 ha
 Collected area:            7059.32 ha
 Straw available:           100439 t
 Straw sold:                39673.4 t
 Tortuosity:                1.5
 Activity to transport all: 549698 km*t
