                         kUSD USD/trip
Sales revenue        10,161.3    902.7
- Buying straw       -8,388.2   -745.2
- Truck rental         -312.8    -27.8
- Truck fuel           -160.1    -14.2
- Handling work         -11.2     -1.0
- Driving work          -47.7     -4.2
= Earning Before Tax  1,241.2    110.3

                         kUSD USD/trip
Sales revenue         1,525.4    769.0
- Buying straw       -1,478.2   -745.2
- Truck rental          -23.1    -11.6
- Truck fuel             -4.4     -2.2
- Handling work          -2.0     -1.0
- Driving work           -1.3     -0.7
= Earning Before Tax     16.4      8.3