                      CO2       NOx      PM10      PM25       SO2
6b_coal            161.17      1.55      0.02      0.00      0.02
conveyor_belt        0.00      0.00      0.00      0.00      0.00
Straw               12.75      0.01      0.10      0.09      0.01
Total              173.92      1.55      0.12      0.09      0.02
Total_plant        161.17      1.55      0.02      0.00      0.02
Total_transport      0.00      0.00      0.00      0.00      0.00
Total_field         12.75      0.01      0.10      0.09      0.01

                      CO2       NOx      PM10      PM25       SO2
4b_coal             28.40      0.25      0.00      0.00      0.16
barge_transport      0.39      0.00      0.00      0.00      0.00
Straw                2.25      0.00      0.02      0.02      0.00
Total               31.03      0.25      0.02      0.02      0.16
Total_plant         28.40      0.25      0.00      0.00      0.16
Total_transport      0.39      0.00      0.00      0.00      0.00
Total_field          2.25      0.00      0.02      0.02      0.00