(                         0        1        2        3        4        5        6        7        8        9        10       11       12       13       14       15       16       17       18       19       20
Revenue (kUSD)          0.0 10,161.3 10,161.3 10,161.3 10,161.3 10,161.3 10,161.3 10,161.3 10,161.3 10,161.3 10,161.3 10,161.3 10,161.3 10,161.3 10,161.3 10,161.3 10,161.3 10,161.3 10,161.3 10,161.3 10,161.3
- Expense, Amortization 0.0      0.0      0.0      0.0      0.0      0.0      0.0      0.0      0.0      0.0      0.0      0.0      0.0      0.0      0.0      0.0      0.0      0.0      0.0      0.0      0.0
- Expense, Merchandise  0.0  8,388.2  8,388.2  8,388.2  8,388.2  8,388.2  8,388.2  8,388.2  8,388.2  8,388.2  8,388.2  8,388.2  8,388.2  8,388.2  8,388.2  8,388.2  8,388.2  8,388.2  8,388.2  8,388.2  8,388.2
- Expense, Operating    0.0    531.9    531.9    531.9    531.9    531.9    531.9    531.9    531.9    531.9    531.9    531.9    531.9    531.9    531.9    531.9    531.9    531.9    531.9    531.9    531.9
= Earnings Before Tax   0.0  1,241.2  1,241.2  1,241.2  1,241.2  1,241.2  1,241.2  1,241.2  1,241.2  1,241.2  1,241.2  1,241.2  1,241.2  1,241.2  1,241.2  1,241.2  1,241.2  1,241.2  1,241.2  1,241.2  1,241.2
- Income tax 25%        0.0    310.3    310.3    310.3    310.3    310.3    310.3    310.3    310.3    310.3    310.3    310.3    310.3    310.3    310.3    310.3    310.3    310.3    310.3    310.3    310.3
= Earnings after tax    0.0    930.9    930.9    930.9    930.9    930.9    930.9    930.9    930.9    930.9    930.9    930.9    930.9    930.9    930.9    930.9    930.9    930.9    930.9    930.9    930.9,                         0        1        2        3        4        5        6        7        8        9        10       11       12       13       14       15       16       17       18       19       20
Revenue (kUSD)         0.0 10,161.3 10,161.3 10,161.3 10,161.3 10,161.3 10,161.3 10,161.3 10,161.3 10,161.3 10,161.3 10,161.3 10,161.3 10,161.3 10,161.3 10,161.3 10,161.3 10,161.3 10,161.3 10,161.3 10,161.3
- Expense, Investment  0.0      0.0      0.0      0.0      0.0      0.0      0.0      0.0      0.0      0.0      0.0      0.0      0.0      0.0      0.0      0.0      0.0      0.0      0.0      0.0      0.0
- Expense, Merchandise 0.0  8,388.2  8,388.2  8,388.2  8,388.2  8,388.2  8,388.2  8,388.2  8,388.2  8,388.2  8,388.2  8,388.2  8,388.2  8,388.2  8,388.2  8,388.2  8,388.2  8,388.2  8,388.2  8,388.2  8,388.2
- Expense, Operating   0.0    531.9    531.9    531.9    531.9    531.9    531.9    531.9    531.9    531.9    531.9    531.9    531.9    531.9    531.9    531.9    531.9    531.9    531.9    531.9    531.9
- Expense, Income tax  0.0    310.3    310.3    310.3    310.3    310.3    310.3    310.3    310.3    310.3    310.3    310.3    310.3    310.3    310.3    310.3    310.3    310.3    310.3    310.3    310.3
= Net cashflow         0.0    930.9    930.9    930.9    930.9    930.9    930.9    930.9    930.9    930.9    930.9    930.9    930.9    930.9    930.9    930.9    930.9    930.9    930.9    930.9    930.9,                              0     1     2     3     4     5     6     7     8     9     10    11    12    13    14    15    16    17    18    19    20
Truck rental                0.0 312.8 312.8 312.8 312.8 312.8 312.8 312.8 312.8 312.8 312.8 312.8 312.8 312.8 312.8 312.8 312.8 312.8 312.8 312.8 312.8
Truck fuel                  0.0 160.1 160.1 160.1 160.1 160.1 160.1 160.1 160.1 160.1 160.1 160.1 160.1 160.1 160.1 160.1 160.1 160.1 160.1 160.1 160.1
Handling work               0.0  11.2  11.2  11.2  11.2  11.2  11.2  11.2  11.2  11.2  11.2  11.2  11.2  11.2  11.2  11.2  11.2  11.2  11.2  11.2  11.2
Driving work                0.0  47.7  47.7  47.7  47.7  47.7  47.7  47.7  47.7  47.7  47.7  47.7  47.7  47.7  47.7  47.7  47.7  47.7  47.7  47.7  47.7
= Operating expenses (kUSD) 0.0 531.9 531.9 531.9 531.9 531.9 531.9 531.9 531.9 531.9 531.9 531.9 531.9 531.9 531.9 531.9 531.9 531.9 531.9 531.9 531.9)

(                         0       1       2       3       4       5       6       7       8       9       10      11      12      13      14      15      16      17      18      19      20
Revenue (kUSD)          0.0 1,525.4 1,525.4 1,525.4 1,525.4 1,525.4 1,525.4 1,525.4 1,525.4 1,525.4 1,525.4 1,525.4 1,525.4 1,525.4 1,525.4 1,525.4 1,525.4 1,525.4 1,525.4 1,525.4 1,525.4
- Expense, Amortization 0.0     0.0     0.0     0.0     0.0     0.0     0.0     0.0     0.0     0.0     0.0     0.0     0.0     0.0     0.0     0.0     0.0     0.0     0.0     0.0     0.0
- Expense, Merchandise  0.0 1,478.2 1,478.2 1,478.2 1,478.2 1,478.2 1,478.2 1,478.2 1,478.2 1,478.2 1,478.2 1,478.2 1,478.2 1,478.2 1,478.2 1,478.2 1,478.2 1,478.2 1,478.2 1,478.2 1,478.2
- Expense, Operating    0.0    30.7    30.7    30.7    30.7    30.7    30.7    30.7    30.7    30.7    30.7    30.7    30.7    30.7    30.7    30.7    30.7    30.7    30.7    30.7    30.7
= Earnings Before Tax   0.0    16.4    16.4    16.4    16.4    16.4    16.4    16.4    16.4    16.4    16.4    16.4    16.4    16.4    16.4    16.4    16.4    16.4    16.4    16.4    16.4
- Income tax 25%        0.0     4.1     4.1     4.1     4.1     4.1     4.1     4.1     4.1     4.1     4.1     4.1     4.1     4.1     4.1     4.1     4.1     4.1     4.1     4.1     4.1
= Earnings after tax    0.0    12.3    12.3    12.3    12.3    12.3    12.3    12.3    12.3    12.3    12.3    12.3    12.3    12.3    12.3    12.3    12.3    12.3    12.3    12.3    12.3,                         0       1       2       3       4       5       6       7       8       9       10      11      12      13      14      15      16      17      18      19      20
Revenue (kUSD)         0.0 1,525.4 1,525.4 1,525.4 1,525.4 1,525.4 1,525.4 1,525.4 1,525.4 1,525.4 1,525.4 1,525.4 1,525.4 1,525.4 1,525.4 1,525.4 1,525.4 1,525.4 1,525.4 1,525.4 1,525.4
- Expense, Investment  0.0     0.0     0.0     0.0     0.0     0.0     0.0     0.0     0.0     0.0     0.0     0.0     0.0     0.0     0.0     0.0     0.0     0.0     0.0     0.0     0.0
- Expense, Merchandise 0.0 1,478.2 1,478.2 1,478.2 1,478.2 1,478.2 1,478.2 1,478.2 1,478.2 1,478.2 1,478.2 1,478.2 1,478.2 1,478.2 1,478.2 1,478.2 1,478.2 1,478.2 1,478.2 1,478.2 1,478.2
- Expense, Operating   0.0    30.7    30.7    30.7    30.7    30.7    30.7    30.7    30.7    30.7    30.7    30.7    30.7    30.7    30.7    30.7    30.7    30.7    30.7    30.7    30.7
- Expense, Income tax  0.0     4.1     4.1     4.1     4.1     4.1     4.1     4.1     4.1     4.1     4.1     4.1     4.1     4.1     4.1     4.1     4.1     4.1     4.1     4.1     4.1
= Net cashflow         0.0    12.3    12.3    12.3    12.3    12.3    12.3    12.3    12.3    12.3    12.3    12.3    12.3    12.3    12.3    12.3    12.3    12.3    12.3    12.3    12.3,                              0    1    2    3    4    5    6    7    8    9    10   11   12   13   14   15   16   17   18   19   20
Truck rental                0.0 23.1 23.1 23.1 23.1 23.1 23.1 23.1 23.1 23.1 23.1 23.1 23.1 23.1 23.1 23.1 23.1 23.1 23.1 23.1 23.1
Truck fuel                  0.0  4.4  4.4  4.4  4.4  4.4  4.4  4.4  4.4  4.4  4.4  4.4  4.4  4.4  4.4  4.4  4.4  4.4  4.4  4.4  4.4
Handling work               0.0  2.0  2.0  2.0  2.0  2.0  2.0  2.0  2.0  2.0  2.0  2.0  2.0  2.0  2.0  2.0  2.0  2.0  2.0  2.0  2.0
Driving work                0.0  1.3  1.3  1.3  1.3  1.3  1.3  1.3  1.3  1.3  1.3  1.3  1.3  1.3  1.3  1.3  1.3  1.3  1.3  1.3  1.3
= Operating expenses (kUSD) 0.0 30.7 30.7 30.7 30.7 30.7 30.7 30.7 30.7 30.7 30.7 30.7 30.7 30.7 30.7 30.7 30.7 30.7 30.7 30.7 30.7)