                                            Quantity                                         Value                                       Quantity                                          Value
CO2    (0.0, 137032437.54633045, 1166634388.7245193)  (0.0, 548129.7501853219, 4666537.5548980795)  (0.0, 24987030.326215744, 212728674.84977716)       (0.0, 99948.121304863, 850914.699399109)
SO2    (0.0, 137357.51161219564, 1169401.9274979036)   (0.0, 782937.8161895153, 6665590.986738053)   (0.0, 257151.65722978488, 2189277.019467285)  (0.0, 1465764.4462097741, 12478879.010963526)
PM2.5   (0.0, 1861857.710302315, 15851044.253782528)  (0.0, 13405375.51417667, 114127518.62723424)   (0.0, 309908.93679086724, 2638429.480691675)  (0.0, 2231344.3448942443, 18996692.260980062)
NOx    (0.0, 1731861.7931653857, 14744315.729928829)     (0.0, 9871612.2210427, 84042599.66059433)  (0.0, 267157.43817192316, 2274461.8730841256)  (0.0, 1522797.3975799624, 12964432.676579516)