(                         0       1       2       3       4       5       6       7       8       9       10      11      12      13      14      15      16      17      18      19      20
Revenue (kUSD)          0.0 3,602.0 3,602.0 3,602.0 3,602.0 3,602.0 3,602.0 3,602.0 3,602.0 3,602.0 3,602.0 3,602.0 3,602.0 3,602.0 3,602.0 3,602.0 3,602.0 3,602.0 3,602.0 3,602.0 3,602.0
- Expense, Amortization 0.0     0.0     0.0     0.0     0.0     0.0     0.0     0.0     0.0     0.0     0.0     0.0     0.0     0.0     0.0     0.0     0.0     0.0     0.0     0.0     0.0
- Expense, Merchandise  0.0     0.0     0.0     0.0     0.0     0.0     0.0     0.0     0.0     0.0     0.0     0.0     0.0     0.0     0.0     0.0     0.0     0.0     0.0     0.0     0.0
- Expense, Operating    0.0 2,752.7 2,752.7 2,752.7 2,752.7 2,752.7 2,752.7 2,752.7 2,752.7 2,752.7 2,752.7 2,752.7 2,752.7 2,752.7 2,752.7 2,752.7 2,752.7 2,752.7 2,752.7 2,752.7 2,752.7
= Earnings Before Tax   0.0   849.3   849.3   849.3   849.3   849.3   849.3   849.3   849.3   849.3   849.3   849.3   849.3   849.3   849.3   849.3   849.3   849.3   849.3   849.3   849.3
- Income tax 25%        0.0   212.3   212.3   212.3   212.3   212.3   212.3   212.3   212.3   212.3   212.3   212.3   212.3   212.3   212.3   212.3   212.3   212.3   212.3   212.3   212.3
= Earnings after tax    0.0   637.0   637.0   637.0   637.0   637.0   637.0   637.0   637.0   637.0   637.0   637.0   637.0   637.0   637.0   637.0   637.0   637.0   637.0   637.0   637.0,                         0       1       2       3       4       5       6       7       8       9       10      11      12      13      14      15      16      17      18      19      20
Revenue (kUSD)         0.0 3,602.0 3,602.0 3,602.0 3,602.0 3,602.0 3,602.0 3,602.0 3,602.0 3,602.0 3,602.0 3,602.0 3,602.0 3,602.0 3,602.0 3,602.0 3,602.0 3,602.0 3,602.0 3,602.0 3,602.0
- Expense, Investment  0.0     0.0     0.0     0.0     0.0     0.0     0.0     0.0     0.0     0.0     0.0     0.0     0.0     0.0     0.0     0.0     0.0     0.0     0.0     0.0     0.0
- Expense, Merchandise 0.0     0.0     0.0     0.0     0.0     0.0     0.0     0.0     0.0     0.0     0.0     0.0     0.0     0.0     0.0     0.0     0.0     0.0     0.0     0.0     0.0
- Expense, Operating   0.0 2,752.7 2,752.7 2,752.7 2,752.7 2,752.7 2,752.7 2,752.7 2,752.7 2,752.7 2,752.7 2,752.7 2,752.7 2,752.7 2,752.7 2,752.7 2,752.7 2,752.7 2,752.7 2,752.7 2,752.7
- Expense, Income tax  0.0   212.3   212.3   212.3   212.3   212.3   212.3   212.3   212.3   212.3   212.3   212.3   212.3   212.3   212.3   212.3   212.3   212.3   212.3   212.3   212.3
= Net cashflow         0.0   637.0   637.0   637.0   637.0   637.0   637.0   637.0   637.0   637.0   637.0   637.0   637.0   637.0   637.0   637.0   637.0   637.0   637.0   637.0   637.0,                              0       1       2       3       4       5       6       7       8       9       10      11      12      13      14      15      16      17      18      19      20
Winder rental               0.0 1,601.4 1,601.4 1,601.4 1,601.4 1,601.4 1,601.4 1,601.4 1,601.4 1,601.4 1,601.4 1,601.4 1,601.4 1,601.4 1,601.4 1,601.4 1,601.4 1,601.4 1,601.4 1,601.4 1,601.4
Winder fuel                 0.0   137.1   137.1   137.1   137.1   137.1   137.1   137.1   137.1   137.1   137.1   137.1   137.1   137.1   137.1   137.1   137.1   137.1   137.1   137.1   137.1
Collection work             0.0 1,014.3 1,014.3 1,014.3 1,014.3 1,014.3 1,014.3 1,014.3 1,014.3 1,014.3 1,014.3 1,014.3 1,014.3 1,014.3 1,014.3 1,014.3 1,014.3 1,014.3 1,014.3 1,014.3 1,014.3
= Operating expenses (kUSD) 0.0 2,752.7 2,752.7 2,752.7 2,752.7 2,752.7 2,752.7 2,752.7 2,752.7 2,752.7 2,752.7 2,752.7 2,752.7 2,752.7 2,752.7 2,752.7 2,752.7 2,752.7 2,752.7 2,752.7 2,752.7)

(                         0     1     2     3     4     5     6     7     8     9     10    11    12    13    14    15    16    17    18    19    20
Revenue (kUSD)          0.0 753.8 753.8 753.8 753.8 753.8 753.8 753.8 753.8 753.8 753.8 753.8 753.8 753.8 753.8 753.8 753.8 753.8 753.8 753.8 753.8
- Expense, Amortization 0.0   0.0   0.0   0.0   0.0   0.0   0.0   0.0   0.0   0.0   0.0   0.0   0.0   0.0   0.0   0.0   0.0   0.0   0.0   0.0   0.0
- Expense, Merchandise  0.0   0.0   0.0   0.0   0.0   0.0   0.0   0.0   0.0   0.0   0.0   0.0   0.0   0.0   0.0   0.0   0.0   0.0   0.0   0.0   0.0
- Expense, Operating    0.0 485.3 485.3 485.3 485.3 485.3 485.3 485.3 485.3 485.3 485.3 485.3 485.3 485.3 485.3 485.3 485.3 485.3 485.3 485.3 485.3
= Earnings Before Tax   0.0 268.5 268.5 268.5 268.5 268.5 268.5 268.5 268.5 268.5 268.5 268.5 268.5 268.5 268.5 268.5 268.5 268.5 268.5 268.5 268.5
- Income tax 25%        0.0  67.1  67.1  67.1  67.1  67.1  67.1  67.1  67.1  67.1  67.1  67.1  67.1  67.1  67.1  67.1  67.1  67.1  67.1  67.1  67.1
= Earnings after tax    0.0 201.4 201.4 201.4 201.4 201.4 201.4 201.4 201.4 201.4 201.4 201.4 201.4 201.4 201.4 201.4 201.4 201.4 201.4 201.4 201.4,                         0     1     2     3     4     5     6     7     8     9     10    11    12    13    14    15    16    17    18    19    20
Revenue (kUSD)         0.0 753.8 753.8 753.8 753.8 753.8 753.8 753.8 753.8 753.8 753.8 753.8 753.8 753.8 753.8 753.8 753.8 753.8 753.8 753.8 753.8
- Expense, Investment  0.0   0.0   0.0   0.0   0.0   0.0   0.0   0.0   0.0   0.0   0.0   0.0   0.0   0.0   0.0   0.0   0.0   0.0   0.0   0.0   0.0
- Expense, Merchandise 0.0   0.0   0.0   0.0   0.0   0.0   0.0   0.0   0.0   0.0   0.0   0.0   0.0   0.0   0.0   0.0   0.0   0.0   0.0   0.0   0.0
- Expense, Operating   0.0 485.3 485.3 485.3 485.3 485.3 485.3 485.3 485.3 485.3 485.3 485.3 485.3 485.3 485.3 485.3 485.3 485.3 485.3 485.3 485.3
- Expense, Income tax  0.0  67.1  67.1  67.1  67.1  67.1  67.1  67.1  67.1  67.1  67.1  67.1  67.1  67.1  67.1  67.1  67.1  67.1  67.1  67.1  67.1
= Net cashflow         0.0 201.4 201.4 201.4 201.4 201.4 201.4 201.4 201.4 201.4 201.4 201.4 201.4 201.4 201.4 201.4 201.4 201.4 201.4 201.4 201.4,                              0     1     2     3     4     5     6     7     8     9     10    11    12    13    14    15    16    17    18    19    20
Winder rental               0.0 282.4 282.4 282.4 282.4 282.4 282.4 282.4 282.4 282.4 282.4 282.4 282.4 282.4 282.4 282.4 282.4 282.4 282.4 282.4 282.4
Winder fuel                 0.0  24.2  24.2  24.2  24.2  24.2  24.2  24.2  24.2  24.2  24.2  24.2  24.2  24.2  24.2  24.2  24.2  24.2  24.2  24.2  24.2
Collection work             0.0 178.7 178.7 178.7 178.7 178.7 178.7 178.7 178.7 178.7 178.7 178.7 178.7 178.7 178.7 178.7 178.7 178.7 178.7 178.7 178.7
= Operating expenses (kUSD) 0.0 485.3 485.3 485.3 485.3 485.3 485.3 485.3 485.3 485.3 485.3 485.3 485.3 485.3 485.3 485.3 485.3 485.3 485.3 485.3 485.3)