name                                                                           Mong Duong 1 Cofire
capacity                                                                          1,080,000,000.00
commissioning                                                                                 2015
boiler_technology                                                                              CFB
capacity_factor                                                                               0.60
plant_efficiency                                                                              0.39
boiler_efficiency_new                                                                         0.87
fix_om_main                                                                                   0.00
variable_om_main                                                                              0.00
emission_control              {'CO2': 0.0, 'SO2': 0.982, 'NOx': 0.0, 'PM10': 0.996, 'PM25': 0.996}
fuel                                                     (6b_coal, 19434680.0, 0.0, conveyor_belt)
derating                                                                        1.0, 0.999440, ...
amount_invested                                                                       2,700,000.00
investment_cost                                                                               0.05
fix_om_cost                                                                                   0.00
variable_om_cost                                                                              0.00
OM_hour_MWh                                                                                   0.00
wage_operation_maintenance                                                                    0.00
cofire_rate                                                                                   0.05
cofuel                                      (straw_boiler, 11700000.0, Endogenous, road_transport)
boiler_efficiency_loss                                       <function <lambda> at 0x?????????>
dtype: object

name                                                                            Ninh Binh Cofire
capacity                                                                          100,000,000.00
commissioning                                                                               1974
boiler_technology                                                                             PC
capacity_factor                                                                             0.64
plant_efficiency                                                                            0.22
boiler_efficiency_new                                                                       0.82
fix_om_main                                                                                 0.00
variable_om_main                                                                            0.00
emission_control              {'CO2': 0.0, 'SO2': 0.0, 'NOx': 0.0, 'PM10': 0.992, 'PM25': 0.922}
fuel                                            (4b_coal, 21547600.0, 200000.0, barge_transport)
derating                                                                      1.0, 0.999334, ...
amount_invested                                                                       500,000.00
investment_cost                                                                             0.10
fix_om_cost                                                                                 0.00
variable_om_cost                                                                            0.00
OM_hour_MWh                                                                                 0.00
wage_operation_maintenance                                                                  0.00
cofire_rate                                                                                 0.05
cofuel                                    (straw_boiler, 11700000.0, Endogenous, road_transport)
boiler_efficiency_loss                                     <function <lambda> at 0x?????????>
dtype: object